[05-Oct-2026 14:12:13 Europe/Berlin] [2026-10-05 14:12:13] Uncaught RuntimeException: Database connection failed: could not find driver in C:\xampp\htdocs\Workshift-3\app\Core\Database.php:80
Stack trace:
#0 C:\xampp\htdocs\Workshift-3\app\Core\Database.php(38): WorkShift\Core\Database::createFromUrl('postgres://post...')
#1 C:\xampp\htdocs\Workshift-3\app\Core\Model.php(18): WorkShift\Core\Database::getConnection()
#2 C:\xampp\htdocs\Workshift-3\app\Controllers\AuthController.php(22): WorkShift\Core\Model->__construct()
#3 C:\xampp\htdocs\Workshift-3\app\Core\Router.php(127): WorkShift\Controllers\AuthController->__construct()
#4 C:\xampp\htdocs\Workshift-3\public\index.php(296): WorkShift\Core\Router->dispatch(Object(WorkShift\Core\Request))
#5 {main}
[05-Oct-2026 14:12:17 Europe/Berlin] [2026-10-05 14:12:17] Uncaught RuntimeException: Database connection failed: could not find driver in C:\xampp\htdocs\Workshift-3\app\Core\Database.php:80
Stack trace:
#0 C:\xampp\htdocs\Workshift-3\app\Core\Database.php(38): WorkShift\Core\Database::createFromUrl('postgres://post...')
#1 C:\xampp\htdocs\Workshift-3\app\Core\Model.php(18): WorkShift\Core\Database::getConnection()
#2 C:\xampp\htdocs\Workshift-3\app\Controllers\AuthController.php(22): WorkShift\Core\Model->__construct()
#3 C:\xampp\htdocs\Workshift-3\app\Core\Router.php(127): WorkShift\Controllers\AuthController->__construct()
#4 C:\xampp\htdocs\Workshift-3\public\index.php(296): WorkShift\Core\Router->dispatch(Object(WorkShift\Core\Request))
#5 {main}
[05-Oct-2026 14:12:20 Europe/Berlin] [2026-10-05 14:12:20] Uncaught RuntimeException: Database connection failed: could not find driver in C:\xampp\htdocs\Workshift-3\app\Core\Database.php:80
Stack trace:
#0 C:\xampp\htdocs\Workshift-3\app\Core\Database.php(38): WorkShift\Core\Database::createFromUrl('postgres://post...')
#1 C:\xampp\htdocs\Workshift-3\app\Core\Model.php(18): WorkShift\Core\Database::getConnection()
#2 C:\xampp\htdocs\Workshift-3\app\Controllers\AuthController.php(22): WorkShift\Core\Model->__construct()
#3 C:\xampp\htdocs\Workshift-3\app\Core\Router.php(127): WorkShift\Controllers\AuthController->__construct()
#4 C:\xampp\htdocs\Workshift-3\public\index.php(296): WorkShift\Core\Router->dispatch(Object(WorkShift\Core\Request))
#5 {main}
